  Determining projects to restore...
  All projects are up-to-date for restore.
C:\Users\otavi\Facul\2025_02\TP3\TP3-A2\obj\Debug\net9.0\PlataformaB2B-A2-TP3.AssemblyInfo.cs(13,45): error CS0234: The type or namespace name 'UIFrameworkAttributeAttribute' does not exist in the namespace 'Microsoft.AspNetCore.Identity.UI' (are you missing an assembly reference?) [C:\Users\otavi\Facul\2025_02\TP3\TP3-A2\PlataformaB2B-A2-TP3.csproj]
C:\Users\otavi\Facul\2025_02\TP3\TP3-A2\obj\Debug\net9.0\PlataformaB2B-A2-TP3.AssemblyInfo.cs(13,45): error CS0234: The type or namespace name 'UIFrameworkAttribute' does not exist in the namespace 'Microsoft.AspNetCore.Identity.UI' (are you missing an assembly reference?) [C:\Users\otavi\Facul\2025_02\TP3\TP3-A2\PlataformaB2B-A2-TP3.csproj]
C:\Users\otavi\Facul\2025_02\TP3\TP3-A2\Data\PlataformaB2B_A2_TP3Context.cs(1,37): error CS0234: The type or namespace name 'EntityFrameworkCore' does not exist in the namespace 'Microsoft.AspNetCore.Identity' (are you missing an assembly reference?) [C:\Users\otavi\Facul\2025_02\TP3\TP3-A2\PlataformaB2B-A2-TP3.csproj]
C:\Users\otavi\Facul\2025_02\TP3\TP3-A2\Program.cs(1,43): error CS0234: The type or namespace name 'JwtBearer' does not exist in the namespace 'Microsoft.AspNetCore.Authentication' (are you missing an assembly reference?) [C:\Users\otavi\Facul\2025_02\TP3\TP3-A2\PlataformaB2B-A2-TP3.csproj]
C:\Users\otavi\Facul\2025_02\TP3\TP3-A2\Controllers\AprovacaoController.cs(10,37): error CS0246: The type or namespace name 'Aprovacao' could not be found (are you missing a using directive or an assembly reference?) [C:\Users\otavi\Facul\2025_02\TP3\TP3-A2\PlataformaB2B-A2-TP3.csproj]
C:\Users\otavi\Facul\2025_02\TP3\TP3-A2\Controllers\ItemPedidoController.cs(10,37): error CS0246: The type or namespace name 'ItemPedido' could not be found (are you missing a using directive or an assembly reference?) [C:\Users\otavi\Facul\2025_02\TP3\TP3-A2\PlataformaB2B-A2-TP3.csproj]
C:\Users\otavi\Facul\2025_02\TP3\TP3-A2\Controllers\AprovacaoController.cs(13,25): error CS0246: The type or namespace name 'Aprovacao' could not be found (are you missing a using directive or an assembly reference?) [C:\Users\otavi\Facul\2025_02\TP3\TP3-A2\PlataformaB2B-A2-TP3.csproj]
C:\Users\otavi\Facul\2025_02\TP3\TP3-A2\Controllers\ItemPedidoController.cs(13,25): error CS0246: The type or namespace name 'ItemPedido' could not be found (are you missing a using directive or an assembly reference?) [C:\Users\otavi\Facul\2025_02\TP3\TP3-A2\PlataformaB2B-A2-TP3.csproj]
C:\Users\otavi\Facul\2025_02\TP3\TP3-A2\Controllers\AprovacaoController.cs(20,41): error CS0246: The type or namespace name 'Aprovacao' could not be found (are you missing a using directive or an assembly reference?) [C:\Users\otavi\Facul\2025_02\TP3\TP3-A2\PlataformaB2B-A2-TP3.csproj]
C:\Users\otavi\Facul\2025_02\TP3\TP3-A2\Controllers\AprovacaoController.cs(20,25): error CS0246: The type or namespace name 'Aprovacao' could not be found (are you missing a using directive or an assembly reference?) [C:\Users\otavi\Facul\2025_02\TP3\TP3-A2\PlataformaB2B-A2-TP3.csproj]
C:\Users\otavi\Facul\2025_02\TP3\TP3-A2\Data\PlataformaB2B_A2_TP3Context.cs(7,48): error CS0246: The type or namespace name 'IdentityDbContext<,,>' could not be found (are you missing a using directive or an assembly reference?) [C:\Users\otavi\Facul\2025_02\TP3\TP3-A2\PlataformaB2B-A2-TP3.csproj]
C:\Users\otavi\Facul\2025_02\TP3\TP3-A2\Controllers\AprovacaoController.cs(28,38): error CS0246: The type or namespace name 'Aprovacao' could not be found (are you missing a using directive or an assembly reference?) [C:\Users\otavi\Facul\2025_02\TP3\TP3-A2\PlataformaB2B-A2-TP3.csproj]
C:\Users\otavi\Facul\2025_02\TP3\TP3-A2\Controllers\ItemPedidoController.cs(20,42): error CS0246: The type or namespace name 'ItemPedido' could not be found (are you missing a using directive or an assembly reference?) [C:\Users\otavi\Facul\2025_02\TP3\TP3-A2\PlataformaB2B-A2-TP3.csproj]
C:\Users\otavi\Facul\2025_02\TP3\TP3-A2\Controllers\ItemPedidoController.cs(20,25): error CS0246: The type or namespace name 'ItemPedido' could not be found (are you missing a using directive or an assembly reference?) [C:\Users\otavi\Facul\2025_02\TP3\TP3-A2\PlataformaB2B-A2-TP3.csproj]
C:\Users\otavi\Facul\2025_02\TP3\TP3-A2\Controllers\AprovacaoController.cs(7,25): error CS0246: The type or namespace name 'Aprovacao' could not be found (are you missing a using directive or an assembly reference?) [C:\Users\otavi\Facul\2025_02\TP3\TP3-A2\PlataformaB2B-A2-TP3.csproj]
C:\Users\otavi\Facul\2025_02\TP3\TP3-A2\Controllers\ItemPedidoController.cs(28,38): error CS0246: The type or namespace name 'ItemPedido' could not be found (are you missing a using directive or an assembly reference?) [C:\Users\otavi\Facul\2025_02\TP3\TP3-A2\PlataformaB2B-A2-TP3.csproj]
C:\Users\otavi\Facul\2025_02\TP3\TP3-A2\Controllers\ItemPedidoController.cs(7,25): error CS0246: The type or namespace name 'ItemPedido' could not be found (are you missing a using directive or an assembly reference?) [C:\Users\otavi\Facul\2025_02\TP3\TP3-A2\PlataformaB2B-A2-TP3.csproj]
C:\Users\otavi\Facul\2025_02\TP3\TP3-A2\Controllers\ProdutoServicoController.cs(10,37): error CS0246: The type or namespace name 'ProdutoServico' could not be found (are you missing a using directive or an assembly reference?) [C:\Users\otavi\Facul\2025_02\TP3\TP3-A2\PlataformaB2B-A2-TP3.csproj]
C:\Users\otavi\Facul\2025_02\TP3\TP3-A2\Controllers\PedidoController.cs(10,37): error CS0246: The type or namespace name 'Pedido' could not be found (are you missing a using directive or an assembly reference?) [C:\Users\otavi\Facul\2025_02\TP3\TP3-A2\PlataformaB2B-A2-TP3.csproj]
C:\Users\otavi\Facul\2025_02\TP3\TP3-A2\Controllers\PedidoController.cs(13,25): error CS0246: The type or namespace name 'Pedido' could not be found (are you missing a using directive or an assembly reference?) [C:\Users\otavi\Facul\2025_02\TP3\TP3-A2\PlataformaB2B-A2-TP3.csproj]
C:\Users\otavi\Facul\2025_02\TP3\TP3-A2\Controllers\ProdutoServicoController.cs(13,25): error CS0246: The type or namespace name 'ProdutoServico' could not be found (are you missing a using directive or an assembly reference?) [C:\Users\otavi\Facul\2025_02\TP3\TP3-A2\PlataformaB2B-A2-TP3.csproj]
C:\Users\otavi\Facul\2025_02\TP3\TP3-A2\Data\PlataformaB2B_A2_TP3Context.cs(9,90): error CS0311: The type 'PlataformaB2B_A2_TP3.Data.PlataformaB2B_A2_TP3Context' cannot be used as type parameter 'TContext' in the generic type or method 'DbContextOptions<TContext>'. There is no implicit reference conversion from 'PlataformaB2B_A2_TP3.Data.PlataformaB2B_A2_TP3Context' to 'Microsoft.EntityFrameworkCore.DbContext'. [C:\Users\otavi\Facul\2025_02\TP3\TP3-A2\PlataformaB2B-A2-TP3.csproj]
C:\Users\otavi\Facul\2025_02\TP3\TP3-A2\Controllers\ProdutoServicoController.cs(20,46): error CS0246: The type or namespace name 'ProdutoServico' could not be found (are you missing a using directive or an assembly reference?) [C:\Users\otavi\Facul\2025_02\TP3\TP3-A2\PlataformaB2B-A2-TP3.csproj]
C:\Users\otavi\Facul\2025_02\TP3\TP3-A2\Controllers\ProdutoServicoController.cs(20,25): error CS0246: The type or namespace name 'ProdutoServico' could not be found (are you missing a using directive or an assembly reference?) [C:\Users\otavi\Facul\2025_02\TP3\TP3-A2\PlataformaB2B-A2-TP3.csproj]
C:\Users\otavi\Facul\2025_02\TP3\TP3-A2\Controllers\PedidoController.cs(20,38): error CS0246: The type or namespace name 'Pedido' could not be found (are you missing a using directive or an assembly reference?) [C:\Users\otavi\Facul\2025_02\TP3\TP3-A2\PlataformaB2B-A2-TP3.csproj]
C:\Users\otavi\Facul\2025_02\TP3\TP3-A2\Controllers\PedidoController.cs(20,25): error CS0246: The type or namespace name 'Pedido' could not be found (are you missing a using directive or an assembly reference?) [C:\Users\otavi\Facul\2025_02\TP3\TP3-A2\PlataformaB2B-A2-TP3.csproj]
C:\Users\otavi\Facul\2025_02\TP3\TP3-A2\Controllers\ProdutoServicoController.cs(28,38): error CS0246: The type or namespace name 'ProdutoServico' could not be found (are you missing a using directive or an assembly reference?) [C:\Users\otavi\Facul\2025_02\TP3\TP3-A2\PlataformaB2B-A2-TP3.csproj]
C:\Users\otavi\Facul\2025_02\TP3\TP3-A2\Controllers\PedidoController.cs(28,38): error CS0246: The type or namespace name 'Pedido' could not be found (are you missing a using directive or an assembly reference?) [C:\Users\otavi\Facul\2025_02\TP3\TP3-A2\PlataformaB2B-A2-TP3.csproj]
C:\Users\otavi\Facul\2025_02\TP3\TP3-A2\Controllers\ProdutoServicoController.cs(7,25): error CS0246: The type or namespace name 'ProdutoServico' could not be found (are you missing a using directive or an assembly reference?) [C:\Users\otavi\Facul\2025_02\TP3\TP3-A2\PlataformaB2B-A2-TP3.csproj]
C:\Users\otavi\Facul\2025_02\TP3\TP3-A2\Controllers\PedidoController.cs(7,25): error CS0246: The type or namespace name 'Pedido' could not be found (are you missing a using directive or an assembly reference?) [C:\Users\otavi\Facul\2025_02\TP3\TP3-A2\PlataformaB2B-A2-TP3.csproj]

Build FAILED.

C:\Users\otavi\Facul\2025_02\TP3\TP3-A2\obj\Debug\net9.0\PlataformaB2B-A2-TP3.AssemblyInfo.cs(13,45): error CS0234: The type or namespace name 'UIFrameworkAttributeAttribute' does not exist in the namespace 'Microsoft.AspNetCore.Identity.UI' (are you missing an assembly reference?) [C:\Users\otavi\Facul\2025_02\TP3\TP3-A2\PlataformaB2B-A2-TP3.csproj]
C:\Users\otavi\Facul\2025_02\TP3\TP3-A2\obj\Debug\net9.0\PlataformaB2B-A2-TP3.AssemblyInfo.cs(13,45): error CS0234: The type or namespace name 'UIFrameworkAttribute' does not exist in the namespace 'Microsoft.AspNetCore.Identity.UI' (are you missing an assembly reference?) [C:\Users\otavi\Facul\2025_02\TP3\TP3-A2\PlataformaB2B-A2-TP3.csproj]
C:\Users\otavi\Facul\2025_02\TP3\TP3-A2\Data\PlataformaB2B_A2_TP3Context.cs(1,37): error CS0234: The type or namespace name 'EntityFrameworkCore' does not exist in the namespace 'Microsoft.AspNetCore.Identity' (are you missing an assembly reference?) [C:\Users\otavi\Facul\2025_02\TP3\TP3-A2\PlataformaB2B-A2-TP3.csproj]
C:\Users\otavi\Facul\2025_02\TP3\TP3-A2\Program.cs(1,43): error CS0234: The type or namespace name 'JwtBearer' does not exist in the namespace 'Microsoft.AspNetCore.Authentication' (are you missing an assembly reference?) [C:\Users\otavi\Facul\2025_02\TP3\TP3-A2\PlataformaB2B-A2-TP3.csproj]
C:\Users\otavi\Facul\2025_02\TP3\TP3-A2\Controllers\AprovacaoController.cs(10,37): error CS0246: The type or namespace name 'Aprovacao' could not be found (are you missing a using directive or an assembly reference?) [C:\Users\otavi\Facul\2025_02\TP3\TP3-A2\PlataformaB2B-A2-TP3.csproj]
C:\Users\otavi\Facul\2025_02\TP3\TP3-A2\Controllers\ItemPedidoController.cs(10,37): error CS0246: The type or namespace name 'ItemPedido' could not be found (are you missing a using directive or an assembly reference?) [C:\Users\otavi\Facul\2025_02\TP3\TP3-A2\PlataformaB2B-A2-TP3.csproj]
C:\Users\otavi\Facul\2025_02\TP3\TP3-A2\Controllers\AprovacaoController.cs(13,25): error CS0246: The type or namespace name 'Aprovacao' could not be found (are you missing a using directive or an assembly reference?) [C:\Users\otavi\Facul\2025_02\TP3\TP3-A2\PlataformaB2B-A2-TP3.csproj]
C:\Users\otavi\Facul\2025_02\TP3\TP3-A2\Controllers\ItemPedidoController.cs(13,25): error CS0246: The type or namespace name 'ItemPedido' could not be found (are you missing a using directive or an assembly reference?) [C:\Users\otavi\Facul\2025_02\TP3\TP3-A2\PlataformaB2B-A2-TP3.csproj]
C:\Users\otavi\Facul\2025_02\TP3\TP3-A2\Controllers\AprovacaoController.cs(20,41): error CS0246: The type or namespace name 'Aprovacao' could not be found (are you missing a using directive or an assembly reference?) [C:\Users\otavi\Facul\2025_02\TP3\TP3-A2\PlataformaB2B-A2-TP3.csproj]
C:\Users\otavi\Facul\2025_02\TP3\TP3-A2\Controllers\AprovacaoController.cs(20,25): error CS0246: The type or namespace name 'Aprovacao' could not be found (are you missing a using directive or an assembly reference?) [C:\Users\otavi\Facul\2025_02\TP3\TP3-A2\PlataformaB2B-A2-TP3.csproj]
C:\Users\otavi\Facul\2025_02\TP3\TP3-A2\Data\PlataformaB2B_A2_TP3Context.cs(7,48): error CS0246: The type or namespace name 'IdentityDbContext<,,>' could not be found (are you missing a using directive or an assembly reference?) [C:\Users\otavi\Facul\2025_02\TP3\TP3-A2\PlataformaB2B-A2-TP3.csproj]
C:\Users\otavi\Facul\2025_02\TP3\TP3-A2\Controllers\AprovacaoController.cs(28,38): error CS0246: The type or namespace name 'Aprovacao' could not be found (are you missing a using directive or an assembly reference?) [C:\Users\otavi\Facul\2025_02\TP3\TP3-A2\PlataformaB2B-A2-TP3.csproj]
C:\Users\otavi\Facul\2025_02\TP3\TP3-A2\Controllers\ItemPedidoController.cs(20,42): error CS0246: The type or namespace name 'ItemPedido' could not be found (are you missing a using directive or an assembly reference?) [C:\Users\otavi\Facul\2025_02\TP3\TP3-A2\PlataformaB2B-A2-TP3.csproj]
C:\Users\otavi\Facul\2025_02\TP3\TP3-A2\Controllers\ItemPedidoController.cs(20,25): error CS0246: The type or namespace name 'ItemPedido' could not be found (are you missing a using directive or an assembly reference?) [C:\Users\otavi\Facul\2025_02\TP3\TP3-A2\PlataformaB2B-A2-TP3.csproj]
C:\Users\otavi\Facul\2025_02\TP3\TP3-A2\Controllers\AprovacaoController.cs(7,25): error CS0246: The type or namespace name 'Aprovacao' could not be found (are you missing a using directive or an assembly reference?) [C:\Users\otavi\Facul\2025_02\TP3\TP3-A2\PlataformaB2B-A2-TP3.csproj]
C:\Users\otavi\Facul\2025_02\TP3\TP3-A2\Controllers\ItemPedidoController.cs(28,38): error CS0246: The type or namespace name 'ItemPedido' could not be found (are you missing a using directive or an assembly reference?) [C:\Users\otavi\Facul\2025_02\TP3\TP3-A2\PlataformaB2B-A2-TP3.csproj]
C:\Users\otavi\Facul\2025_02\TP3\TP3-A2\Controllers\ItemPedidoController.cs(7,25): error CS0246: The type or namespace name 'ItemPedido' could not be found (are you missing a using directive or an assembly reference?) [C:\Users\otavi\Facul\2025_02\TP3\TP3-A2\PlataformaB2B-A2-TP3.csproj]
C:\Users\otavi\Facul\2025_02\TP3\TP3-A2\Controllers\ProdutoServicoController.cs(10,37): error CS0246: The type or namespace name 'ProdutoServico' could not be found (are you missing a using directive or an assembly reference?) [C:\Users\otavi\Facul\2025_02\TP3\TP3-A2\PlataformaB2B-A2-TP3.csproj]
C:\Users\otavi\Facul\2025_02\TP3\TP3-A2\Controllers\PedidoController.cs(10,37): error CS0246: The type or namespace name 'Pedido' could not be found (are you missing a using directive or an assembly reference?) [C:\Users\otavi\Facul\2025_02\TP3\TP3-A2\PlataformaB2B-A2-TP3.csproj]
C:\Users\otavi\Facul\2025_02\TP3\TP3-A2\Controllers\PedidoController.cs(13,25): error CS0246: The type or namespace name 'Pedido' could not be found (are you missing a using directive or an assembly reference?) [C:\Users\otavi\Facul\2025_02\TP3\TP3-A2\PlataformaB2B-A2-TP3.csproj]
C:\Users\otavi\Facul\2025_02\TP3\TP3-A2\Controllers\ProdutoServicoController.cs(13,25): error CS0246: The type or namespace name 'ProdutoServico' could not be found (are you missing a using directive or an assembly reference?) [C:\Users\otavi\Facul\2025_02\TP3\TP3-A2\PlataformaB2B-A2-TP3.csproj]
C:\Users\otavi\Facul\2025_02\TP3\TP3-A2\Data\PlataformaB2B_A2_TP3Context.cs(9,90): error CS0311: The type 'PlataformaB2B_A2_TP3.Data.PlataformaB2B_A2_TP3Context' cannot be used as type parameter 'TContext' in the generic type or method 'DbContextOptions<TContext>'. There is no implicit reference conversion from 'PlataformaB2B_A2_TP3.Data.PlataformaB2B_A2_TP3Context' to 'Microsoft.EntityFrameworkCore.DbContext'. [C:\Users\otavi\Facul\2025_02\TP3\TP3-A2\PlataformaB2B-A2-TP3.csproj]
C:\Users\otavi\Facul\2025_02\TP3\TP3-A2\Controllers\ProdutoServicoController.cs(20,46): error CS0246: The type or namespace name 'ProdutoServico' could not be found (are you missing a using directive or an assembly reference?) [C:\Users\otavi\Facul\2025_02\TP3\TP3-A2\PlataformaB2B-A2-TP3.csproj]
C:\Users\otavi\Facul\2025_02\TP3\TP3-A2\Controllers\ProdutoServicoController.cs(20,25): error CS0246: The type or namespace name 'ProdutoServico' could not be found (are you missing a using directive or an assembly reference?) [C:\Users\otavi\Facul\2025_02\TP3\TP3-A2\PlataformaB2B-A2-TP3.csproj]
C:\Users\otavi\Facul\2025_02\TP3\TP3-A2\Controllers\PedidoController.cs(20,38): error CS0246: The type or namespace name 'Pedido' could not be found (are you missing a using directive or an assembly reference?) [C:\Users\otavi\Facul\2025_02\TP3\TP3-A2\PlataformaB2B-A2-TP3.csproj]
C:\Users\otavi\Facul\2025_02\TP3\TP3-A2\Controllers\PedidoController.cs(20,25): error CS0246: The type or namespace name 'Pedido' could not be found (are you missing a using directive or an assembly reference?) [C:\Users\otavi\Facul\2025_02\TP3\TP3-A2\PlataformaB2B-A2-TP3.csproj]
C:\Users\otavi\Facul\2025_02\TP3\TP3-A2\Controllers\ProdutoServicoController.cs(28,38): error CS0246: The type or namespace name 'ProdutoServico' could not be found (are you missing a using directive or an assembly reference?) [C:\Users\otavi\Facul\2025_02\TP3\TP3-A2\PlataformaB2B-A2-TP3.csproj]
C:\Users\otavi\Facul\2025_02\TP3\TP3-A2\Controllers\PedidoController.cs(28,38): error CS0246: The type or namespace name 'Pedido' could not be found (are you missing a using directive or an assembly reference?) [C:\Users\otavi\Facul\2025_02\TP3\TP3-A2\PlataformaB2B-A2-TP3.csproj]
C:\Users\otavi\Facul\2025_02\TP3\TP3-A2\Controllers\ProdutoServicoController.cs(7,25): error CS0246: The type or namespace name 'ProdutoServico' could not be found (are you missing a using directive or an assembly reference?) [C:\Users\otavi\Facul\2025_02\TP3\TP3-A2\PlataformaB2B-A2-TP3.csproj]
C:\Users\otavi\Facul\2025_02\TP3\TP3-A2\Controllers\PedidoController.cs(7,25): error CS0246: The type or namespace name 'Pedido' could not be found (are you missing a using directive or an assembly reference?) [C:\Users\otavi\Facul\2025_02\TP3\TP3-A2\PlataformaB2B-A2-TP3.csproj]
    0 Warning(s)
    30 Error(s)

Time Elapsed 00:00:02.47
